[    0.000000] Initializing cgroup subsys cpuset
[    0.000000] Initializing cgroup subsys cpu
[    0.000000] Initializing cgroup subsys cpuacct
[    0.000000] Linux version 4.4.0-210-generic (buildd@lgw01-amd64-009) (gcc version 5.4.0 20160609 (Ubuntu 5.4.0-6ubuntu1~16.04.12) ) #242-Ubuntu SMP Fri Apr 16 09:57:56 UTC 2021 (Ubuntu 4.4.0-210.242-generic 4.4.262)
[    0.000000] Command line: BOOT_IMAGE=/boot/vmlinuz-4.4.0-210-generic root=LABEL=cloudimg-rootfs ro console=tty1 console=ttyS0
[    0.000000] KERNEL supported cpus:
[    0.000000]   Intel GenuineIntel
[    0.000000]   AMD AuthenticAMD
[    0.000000]   Centaur CentaurHauls
[    0.000000] x86/fpu: Legacy x87 FPU detected.
[    0.000000] e820: BIOS-provided physical RAM map:
[    0.000000] BIOS-e820: [mem 0x0000000000000000-0x000000000009fbff] usable
[    0.000000] BIOS-e820: [mem 0x000000000009fc00-0x000000000009ffff] reserved
[    0.000000] BIOS-e820: [mem 0x00000000000f0000-0x00000000000fffff] reserved
[    0.000000] BIOS-e820: [mem 0x0000000000100000-0x000000003ffeffff] usable
[    0.000000] BIOS-e820: [mem 0x000000003fff0000-0x000000003fffffff] ACPI data
[    0.000000] BIOS-e820: [mem 0x00000000fec00000-0x00000000fec00fff] reserved
[    0.000000] BIOS-e820: [mem 0x00000000fee00000-0x00000000fee00fff] reserved
[    0.000000] BIOS-e820: [mem 0x00000000fffc0000-0x00000000ffffffff] reserved
[    0.000000] NX (Execute Disable) protection: active
[    0.000000] SMBIOS 2.5 present.
[    0.000000] Hypervisor detected: KVM
[    0.000000] Kernel/User page tables isolation: disabled
[    0.000000] e820: last_pfn = 0x3fff0 max_arch_pfn = 0x400000000
[    0.000000] MTRR: Disabled
[    0.000000] x86/PAT: MTRRs disabled, skipping PAT initialization too.
[    0.000000] CPU MTRRs all blank - virtualized system.
[    0.000000] x86/PAT: Configuration [0-7]: WB  WT  UC- UC  WB  WT  UC- UC  
[    0.000000] found SMP MP-table at [mem 0x0009fff0-0x0009ffff] mapped at [ffff88000009fff0]
[    0.000000] Scanning 1 areas for low memory corruption
[    0.000000] RAMDISK: [mem 0x362dc000-0x37165fff]
[    0.000000] ACPI: Early table checksum verification disabled
[    0.000000] ACPI: RSDP 0x00000000000E0000 000024 (v02 VBOX  )
[    0.000000] ACPI: XSDT 0x000000003FFF0030 00003C (v01 VBOX   VBOXXSDT 00000001 ASL  00000061)
[    0.000000] ACPI: FACP 0x000000003FFF00F0 0000F4 (v04 VBOX   VBOXFACP 00000001 ASL  00000061)
[    0.000000] ACPI: DSDT 0x000000003FFF0610 002353 (v02 VBOX   VBOXBIOS 00000002 INTL 20100528)
[    0.000000] ACPI: FACS 0x000000003FFF0200 000040
[    0.000000] ACPI: FACS 0x000000003FFF0200 000040
[    0.000000] ACPI: APIC 0x000000003FFF0240 00005C (v02 VBOX   VBOXAPIC 00000001 ASL  00000061)
[    0.000000] ACPI: SSDT 0x000000003FFF02A0 00036C (v01 VBOX   VBOXCPUT 00000002 INTL 20100528)
[    0.000000] No NUMA configuration found
[    0.000000] Faking a node at [mem 0x0000000000000000-0x000000003ffeffff]
[    0.000000] NODE_DATA(0) allocated [mem 0x3ffeb000-0x3ffeffff]
[    0.000000] kvm-clock: Using msrs 4b564d01 and 4b564d00
[    0.000000] kvm-clock: cpu 0, msr 0:3ffe3001, primary cpu clock
[    0.000000] kvm-clock: using sched offset of 7169549830 cycles
[    0.000000] clocksource: kvm-clock: mask: 0xffffffffffffffff max_cycles: 0x1cd42e4dffb, max_idle_ns: 881590591483 ns
[    0.000000] Zone ranges:
[    0.000000]   DMA      [mem 0x0000000000001000-0x0000000000ffffff]
[    0.000000]   DMA32    [mem 0x0000000001000000-0x000000003ffeffff]
[    0.000000]   Normal   empty
[    0.000000]   Device   empty
[    0.000000] Movable zone start for each node
[    0.000000] Early memory node ranges
[    0.000000]   node   0: [mem 0x0000000000001000-0x000000000009efff]
[    0.000000]   node   0: [mem 0x0000000000100000-0x000000003ffeffff]
[    0.000000] Initmem setup node 0 [mem 0x0000000000001000-0x000000003ffeffff]
[    0.000000] ACPI: PM-Timer IO Port: 0x4008
[    0.000000] IOAPIC[0]: apic_id 2, version 32, address 0xfec00000, GSI 0-23
[    0.000000] ACPI: INT_SRC_OVR (bus 0 bus_irq 0 global_irq 2 dfl dfl)
[    0.000000] ACPI: INT_SRC_OVR (bus 0 bus_irq 9 global_irq 9 low level)
[    0.000000] Using ACPI (MADT) for SMP configuration information
[    0.000000] smpboot: Allowing 2 CPUs, 0 hotplug CPUs
[    0.000000] PM: Registered nosave memory: [mem 0x00000000-0x00000fff]
[    0.000000] PM: Registered nosave memory: [mem 0x0009f000-0x0009ffff]
[    0.000000] PM: Registered nosave memory: [mem 0x000a0000-0x000effff]
[    0.000000] PM: Registered nosave memory: [mem 0x000f0000-0x000fffff]
[    0.000000] e820: [mem 0x40000000-0xfebfffff] available for PCI devices
[    0.000000] Booting paravirtualized kernel on KVM
[    0.000000] clocksource: refined-jiffies: mask: 0xffffffff max_cycles: 0xffffffff, max_idle_ns: 7645519600211568 ns
[    0.000000] setup_percpu: NR_CPUS:512 nr_cpumask_bits:512 nr_cpu_ids:2 nr_node_ids:1
[    0.000000] PERCPU: Embedded 33 pages/cpu @ffff88003fc00000 s95192 r8192 d31784 u1048576
[    0.000000] Built 1 zonelists in Node order, mobility grouping on.  Total pages: 257912
[    0.000000] Policy zone: DMA32
[    0.000000] Kernel command line: BOOT_IMAGE=/boot/vmlinuz-4.4.0-210-generic root=LABEL=cloudimg-rootfs ro console=tty1 console=ttyS0
[    0.000000] PID hash table entries: 4096 (order: 3, 32768 bytes)
[    0.000000] Memory: 997792K/1048120K available (8644K kernel code, 1332K rwdata, 4044K rodata, 1492K init, 1164K bss, 50328K reserved, 0K cma-reserved)
[    0.000000] SLUB: HWalign=64, Order=0-3, MinObjects=0, CPUs=2, Nodes=1
[    0.000000] Hierarchical RCU implementation.
[    0.000000] 	Build-time adjustment of leaf fanout to 64.
[    0.000000] 	RCU restricting CPUs from NR_CPUS=512 to nr_cpu_ids=2.
[    0.000000] RCU: Adjusting geometry for rcu_fanout_leaf=64, nr_cpu_ids=2
[    0.000000] NR_IRQS:33024 nr_irqs:440 16
[    0.000000] Console: colour VGA+ 80x25
[    0.000000] console [tty1] enabled
[    0.000000] console [ttyS0] enabled
[    0.000000] tsc: Detected 2496.010 MHz processor
[    1.709667] Calibrating delay loop (skipped) preset value.. 4992.02 BogoMIPS (lpj=9984040)
[    1.769528] pid_max: default: 32768 minimum: 301
[    1.805440] ACPI: Core revision 20150930
[    1.816681] ACPI: 2 ACPI AML tables successfully acquired and loaded
[    1.831795] Security Framework initialized
[    1.840004] Yama: becoming mindful.
[    1.846001] AppArmor: AppArmor initialized
[    1.853775] Dentry cache hash table entries: 131072 (order: 8, 1048576 bytes)
[    1.876796] Inode-cache hash table entries: 65536 (order: 7, 524288 bytes)
[    1.896818] Mount-cache hash table entries: 2048 (order: 2, 16384 bytes)
[    1.910622] Mountpoint-cache hash table entries: 2048 (order: 2, 16384 bytes)
[    1.927989] Initializing cgroup subsys io
[    1.937600] Initializing cgroup subsys memory
[    1.946319] Initializing cgroup subsys devices
[    1.955054] Initializing cgroup subsys freezer
[    1.966282] Initializing cgroup subsys net_cls
[    1.975565] Initializing cgroup subsys perf_event
[    1.985702] Initializing cgroup subsys net_prio
[    1.994446] Initializing cgroup subsys hugetlb
[    2.001858] Initializing cgroup subsys pids
[    2.016571] mce: CPU supports 0 MCE banks
[    2.024871] Last level iTLB entries: 4KB 0, 2MB 0, 4MB 0
[    2.034278] Last level dTLB entries: 4KB 0, 2MB 0, 4MB 0, 1GB 0
[    2.048241] Spectre V1 : Mitigation: usercopy/swapgs barriers and __user pointer sanitization
[    2.066032] Spectre V2 : Mitigation: Enhanced IBRS
[    2.075107] Spectre V2 : Spectre v2 / SpectreRSB mitigation: Filling RSB on context switch
[    2.092174] Speculative Store Bypass: Vulnerable
[    2.202695] Freeing SMP alternatives memory: 36K
[    2.603882] ftrace: allocating 32380 entries in 127 pages
[    5.137775] smpboot: APIC(0) Converting physical 0 to logical package 0
[    5.156520] smpboot: Max logical packages: 1
[    5.189140] ..TIMER: vector=0x30 apic1=0 pin1=2 apic2=-1 pin2=-1
[    5.307404] APIC calibration not consistent with PM-Timer: 136ms instead of 100ms
[    5.324065] APIC delta adjusted to PM-Timer: 6373397 (8711685)
[    5.380378] smpboot: CPU0: 12th Gen Intel(R) Core(TM) i5-1235U (family: 0x6, model: 0x9a, stepping: 0x4)
[    5.416057] Performance Events: unsupported p6 CPU model 154 no PMU driver, software events only.
[    5.790322] KVM setup paravirtual spinlock
[    5.829110] x86: Booting SMP configuration:
[    5.870007] .... node  #0, CPUs:      #1
[    5.977350] kvm-clock: cpu 1, msr 0:3ffe3041, secondary cpu clock
[    6.067272] mce: CPU supports 0 MCE banks
[    6.213810] x86: Booted up 1 node, 2 CPUs
[    6.258006] smpboot: Total of 2 processors activated (9984.04 BogoMIPS)
[    6.353369] devtmpfs: initialized
[    6.387649] evm: security.selinux
[    6.421639] evm: security.SMACK64
[    6.439622] evm: security.SMACK64EXEC
[    6.452957] evm: security.SMACK64TRANSMUTE
[    6.471764] evm: security.SMACK64MMAP
[    6.488274] evm: security.ima
[    6.499178] evm: security.capability
[    6.518661] clocksource: jiffies: mask: 0xffffffff max_cycles: 0xffffffff, max_idle_ns: 7645041785100000 ns
[    6.589407] futex hash table entries: 512 (order: 3, 32768 bytes)
[    6.657530] pinctrl core: initialized pinctrl subsystem
[    6.778131] RTC time: 20:15:31, date: 12/17/24
[    6.849682] NET: Registered protocol family 16
[    6.872611] cpuidle: using governor ladder
[    6.917992] cpuidle: using governor menu
[    6.968808] PCCT header not found.
[    7.025566] ACPI: bus type PCI registered
[    7.077730] acpiphp: ACPI Hot Plug PCI Controller Driver version: 0.5
[    7.096001] PCI: Using configuration type 1 for base access
[    7.204535] ACPI: Added _OSI(Module Device)
[    7.211375] ACPI: Added _OSI(Processor Device)
[    7.218162] ACPI: Added _OSI(3.0 _SCP Extensions)
[    7.225391] ACPI: Added _OSI(Processor Aggregator Device)
[    7.232516] ACPI: Executed 1 blocks of module-level executable AML code
[    7.325084] ACPI: Interpreter enabled
[    7.373742] ACPI: (supports S0 S5)
[    7.413210] ACPI: Using IOAPIC for interrupt routing
[    7.419190] PCI: Using host bridge windows from ACPI; if necessary, use "pci=nocrs" and report a bug
[    7.574885] ACPI: PCI Root Bridge [PCI0] (domain 0000 [bus 00-ff])
[    7.592796] acpi PNP0A03:00: _OSC: OS supports [ASPM ClockPM Segments MSI]
[    7.688252] acpi PNP0A03:00: _OSC: not requesting OS control; OS requires [ExtendedConfig ASPM ClockPM MSI]
[    7.724137] acpi PNP0A03:00: fail to add MMCONFIG information, can't access extended PCI configuration space under this bridge.
[    7.739109] PCI host bridge to bus 0000:00
[    7.764082] pci_bus 0000:00: root bus resource [io  0x0000-0x0cf7 window]
[    7.838089] pci_bus 0000:00: root bus resource [io  0x0d00-0xffff window]
[    7.846947] pci_bus 0000:00: root bus resource [mem 0x000a0000-0x000bffff window]
[    7.856945] pci_bus 0000:00: root bus resource [mem 0x40000000-0xfdffffff window]
[    7.866109] pci_bus 0000:00: root bus resource [bus 00-ff]
[    8.010489] pci 0000:00:01.1: legacy IDE quirk: reg 0x10: [io  0x01f0-0x01f7]
[    8.029189] pci 0000:00:01.1: legacy IDE quirk: reg 0x14: [io  0x03f6]
[    8.048701] pci 0000:00:01.1: legacy IDE quirk: reg 0x18: [io  0x0170-0x0177]
[    8.076633] pci 0000:00:01.1: legacy IDE quirk: reg 0x1c: [io  0x0376]
[    8.158859] pci 0000:00:07.0: quirk: [io  0x4000-0x403f] claimed by PIIX4 ACPI
[    8.174890] pci 0000:00:07.0: quirk: [io  0x4100-0x410f] claimed by PIIX4 SMB
[    8.208451] ACPI: PCI Interrupt Link [LNKA] (IRQs 5 9 10 *11)
[    8.237150] ACPI: PCI Interrupt Link [LNKB] (IRQs 5 9 *10 11)
[    8.304836] ACPI: PCI Interrupt Link [LNKC] (IRQs 5 *9 10 11)
[    8.601590] ACPI: PCI Interrupt Link [LNKD] (IRQs 5 9 10 *11)
[    8.685873] ACPI: Enabled 2 GPEs in block 00 to 07
[    8.709755] vgaarb: setting as boot device: PCI:0000:00:02.0
[    8.761188] vgaarb: device added: PCI:0000:00:02.0,decodes=io+mem,owns=io+mem,locks=none
[    8.805993] vgaarb: loaded
[    8.809513] vgaarb: bridge control possible 0000:00:02.0
[    8.815353] SCSI subsystem initialized
[    8.820147] ACPI: bus type USB registered
[    8.842412] usbcore: registered new interface driver usbfs
[    8.894939] usbcore: registered new interface driver hub
[    8.946305] usbcore: registered new device driver usb
[    8.962842] PCI: Using ACPI for IRQ routing
[    8.971589] NetLabel: Initializing
[    8.992974] NetLabel:  domain hash size = 128
[    9.055114] NetLabel:  protocols = UNLABELED CIPSOv4
[    9.136225] NetLabel:  unlabeled traffic allowed by default
[    9.197161] amd_nb: Cannot enumerate AMD northbridges
[    9.221518] clocksource: Switched to clocksource kvm-clock
[    9.279536] AppArmor: AppArmor Filesystem Enabled
[    9.317953] pnp: PnP ACPI init
[    9.375944] pnp: PnP ACPI: found 3 devices
[    9.472627] clocksource: acpi_pm: mask: 0xffffff max_cycles: 0xffffff, max_idle_ns: 2085701024 ns
[    9.497048] NET: Registered protocol family 2
[    9.506377] TCP established hash table entries: 8192 (order: 4, 65536 bytes)
[    9.517887] TCP bind hash table entries: 8192 (order: 5, 131072 bytes)
[    9.529297] TCP: Hash tables configured (established 8192 bind 8192)
[    9.539888] UDP hash table entries: 512 (order: 2, 16384 bytes)
[    9.548627] UDP-Lite hash table entries: 512 (order: 2, 16384 bytes)
[    9.558381] NET: Registered protocol family 1
[    9.564932] pci 0000:00:00.0: Limiting direct PCI/PCI transfers
[    9.572583] pci 0000:00:01.0: Activating ISA DMA hang workarounds
[    9.581505] Unpacking initramfs...
[   10.676734] Freeing initrd memory: 14888K
[   10.683099] clocksource: tsc: mask: 0xffffffffffffffff max_cycles: 0x23fa80a809f, max_idle_ns: 440795273818 ns
[   10.697995] platform rtc_cmos: registered platform RTC device (no PNP device found)
[   10.709443] Scanning for low memory corruption every 60 seconds
[   10.777691] audit: initializing netlink subsys (disabled)
[   10.844226] audit: type=2000 audit(1734466539.243:1): initialized
[   10.872787] Initialise system trusted keyring
[   10.882465] HugeTLB registered 2 MB page size, pre-allocated 0 pages
[   10.897939] zbud: loaded
[   10.906134] VFS: Disk quotas dquot_6.6.0
[   10.913812] VFS: Dquot-cache hash table entries: 512 (order 0, 4096 bytes)
[   10.926303] squashfs: version 4.0 (2009/01/31) Phillip Lougher
[   10.939426] fuse init (API version 7.23)
[   10.945565] Key type big_key registered
[   10.949891] Allocating IMA MOK and blacklist keyrings.
[   10.973938] Key type asymmetric registered
[   10.980495] Asymmetric key parser 'x509' registered
[   10.988734] Block layer SCSI generic (bsg) driver version 0.4 loaded (major 249)
[   11.080783] io scheduler noop registered
[   11.096522] io scheduler deadline registered (default)
[   11.103839] io scheduler cfq registered
[   11.143860] pci_hotplug: PCI Hot Plug PCI Core version: 0.5
[   11.174104] pciehp: PCI Express Hot Plug Controller Driver version: 0.4
[   11.227361] ACPI: AC Adapter [AC] (on-line)
[   11.311028] input: Power Button as /devices/LNXSYSTM:00/LNXPWRBN:00/input/input0
[   11.372255] ACPI: Power Button [PWRF]
[   11.378727] input: Sleep Button as /devices/LNXSYSTM:00/LNXSLPBN:00/input/input1
[   11.390840] ACPI: Sleep Button [SLPF]
[   11.398215] GHES: HEST is not enabled!
[   11.399692] ACPI: Battery Slot [BAT0] (battery present)
[   11.464034] Serial: 8250/16550 driver, 32 ports, IRQ sharing enabled
[   11.562001] 00:02: ttyS0 at I/O 0x3f8 (irq = 4, base_baud = 115200) is a 16550A
[   11.577251] Linux agpgart interface v0.103
[   11.605146] loop: module loaded
[   11.616151] scsi host0: ata_piix
[   11.624299] scsi host1: ata_piix
[   11.628731] ata1: PATA max UDMA/33 cmd 0x1f0 ctl 0x3f6 bmdma 0xd000 irq 14
[   11.639556] ata2: PATA max UDMA/33 cmd 0x170 ctl 0x376 bmdma 0xd008 irq 15
[   11.652740] libphy: Fixed MDIO Bus: probed
[   11.659324] tun: Universal TUN/TAP device driver, 1.6
[   11.666523] tun: (C) 1999-2004 Max Krasnyansky <maxk@qualcomm.com>
[   11.683020] PPP generic driver version 2.4.2
[   11.689813] ehci_hcd: USB 2.0 'Enhanced' Host Controller (EHCI) Driver
[   11.699373] ehci-pci: EHCI PCI platform driver
[   11.705885] ehci-platform: EHCI generic platform driver
[   11.793626] ohci_hcd: USB 1.1 'Open' Host Controller (OHCI) Driver
[   11.804119] ohci-pci: OHCI PCI platform driver
[   12.023550] ohci-platform: OHCI generic platform driver
[   12.095776] uhci_hcd: USB Universal Host Controller Interface driver
[   12.131896] i8042: PNP: PS/2 Controller [PNP0303:PS2K,PNP0f03:PS2M] at 0x60,0x64 irq 1,12
[   12.362362] serio: i8042 KBD port at 0x60,0x64 irq 1
[   12.398101] serio: i8042 AUX port at 0x60,0x64 irq 12
[   12.429288] mousedev: PS/2 mouse device common for all mice
[   12.566569] input: AT Translated Set 2 keyboard as /devices/platform/i8042/serio0/input/input2
[   12.726514] rtc_cmos rtc_cmos: rtc core: registered rtc_cmos as rtc0
[   12.739344] rtc_cmos rtc_cmos: alarms up to one day, 114 bytes nvram
[   12.747813] i2c /dev entries driver
[   12.751071] device-mapper: uevent: version 1.0.3
[   12.760812] device-mapper: ioctl: 4.34.0-ioctl (2015-10-28) initialised: dm-devel@redhat.com
[   12.818697] ledtrig-cpu: registered to indicate activity on CPUs
[   12.904753] NET: Registered protocol family 10
[   12.910589] NET: Registered protocol family 17
[   12.917330] Key type dns_resolver registered
[   12.928400] registered taskstats version 1
[   12.935407] Loading compiled-in X.509 certificates
[   13.000306] Loaded X.509 cert 'Build time autogenerated kernel key: cf00e047681d67edb2720680708b7d9498083038'
[   13.058485] zswap: loaded using pool lzo/zbud
[   13.080279] Key type trusted registered
[   13.196945] Key type encrypted registered
[   13.202325] AppArmor: AppArmor sha1 policy hashing enabled
[   13.298501] ima: No TPM chip found, activating TPM-bypass!
[   13.312556] ima: Allocated hash algorithm: sha1
[   13.322175] evm: HMAC attrs: 0x1
[   13.626518]   Magic number: 4:158:296
[   13.632497] tty tty29: hash matches
[   13.638279] rtc_cmos rtc_cmos: setting system clock to 2024-12-17 20:15:38 UTC (1734466538)
[   13.651317] BIOS EDD facility v0.16 2004-Jun-25, 0 devices found
[   13.664494] EDD information not available.
[   13.745025] Freeing unused kernel memory: 1492K
[   13.751329] Write protecting the kernel read-only data: 14336k
[   13.762440] Freeing unused kernel memory: 1584K
[   13.768217] Freeing unused kernel memory: 52K
Loading, please wait...
starting version 229
[   14.016605] random: udevadm: uninitialized urandom read (16 bytes read, 17 bits of entropy available)
[   14.019607] random: systemd-udevd: uninitialized urandom read (16 bytes read, 17 bits of entropy available)
[   14.020279] random: systemd-udevd: uninitialized urandom read (16 bytes read, 17 bits of entropy available)
[   14.020349] random: systemd-udevd: uninitialized urandom read (16 bytes read, 17 bits of entropy available)
[   14.020414] random: systemd-udevd: uninitialized urandom read (16 bytes read, 17 bits of entropy available)
[   14.414125] random: udevadm: uninitialized urandom read (16 bytes read, 17 bits of entropy available)
[   14.556972] random: systemd-udevd: uninitialized urandom read (16 bytes read, 17 bits of entropy available)
[   14.566706] random: udevadm: uninitialized urandom read (16 bytes read, 17 bits of entropy available)
[   14.566769] random: udevadm: uninitialized urandom read (16 bytes read, 17 bits of entropy available)
[   14.566997] random: udevadm: uninitialized urandom read (16 bytes read, 17 bits of entropy available)
[   15.179543] e1000: Intel(R) PRO/1000 Network Driver - version 7.3.21-k8-NAPI
[   15.188031] e1000: Copyright (c) 1999-2006 Intel Corporation.
[   15.311781] Fusion MPT base driver 3.04.20
[   15.339024] Copyright (c) 1999-2008 LSI Corporation
[   16.057916] Fusion MPT SPI Host driver 3.04.20
[   16.222077] SSE version of gcm_enc/dec engaged.
[   17.028729] input: ImExPS/2 Generic Explorer Mouse as /devices/platform/i8042/serio1/input/input4
[   18.512529] e1000 0000:00:03.0 eth0: (PCI:33MHz:32-bit) 02:be:82:6b:cc:1d
[   18.523283] e1000 0000:00:03.0 eth0: Intel(R) PRO/1000 Network Connection
[   18.540991] mptbase: ioc0: Initiating bringup
[   18.548236] e1000 0000:00:03.0 enp0s3: renamed from eth0
[   18.733840] ioc0: LSI53C1030 A0: Capabilities={Initiator}
[   19.809734] scsi host2: ioc0: LSI53C1030 A0, FwRev=00000000h, Ports=1, MaxQ=256, IRQ=20
[   20.301129] scsi 2:0:0:0: Direct-Access     VBOX     HARDDISK         1.0  PQ: 0 ANSI: 5
[   20.374473] scsi target2:0:0: Beginning Domain Validation
[   20.516095] scsi target2:0:0: Domain Validation skipping write tests
[   20.562045] scsi target2:0:0: Ending Domain Validation
[   20.603745] scsi target2:0:0: asynchronous
[   20.647131] scsi 2:0:1:0: Direct-Access     VBOX     HARDDISK         1.0  PQ: 0 ANSI: 5
[   20.658441] scsi target2:0:1: Beginning Domain Validation
[   20.682919] scsi target2:0:1: Domain Validation skipping write tests
[   20.692956] scsi target2:0:1: Ending Domain Validation
[   20.702259] scsi target2:0:1: asynchronous
[   20.901576] sd 2:0:0:0: Attached scsi generic sg0 type 0
[   20.911846] sd 2:0:0:0: [sda] 83886080 512-byte logical blocks: (42.9 GB/40.0 GiB)
[   20.968063] sd 2:0:1:0: Attached scsi generic sg1 type 0
[   21.007308] sd 2:0:1:0: [sdb] 20480 512-byte logical blocks: (10.5 MB/10.0 MiB)
[   21.007410] sd 2:0:0:0: [sda] Write Protect is off
[   21.008365] sd 2:0:0:0: [sda] Incomplete mode parameter data
[   21.008366] sd 2:0:0:0: [sda] Assuming drive cache: write through
[   21.266781]  sda: sda1
[   21.310609] sd 2:0:1:0: [sdb] Write Protect is off
[   21.321481] sd 2:0:1:0: [sdb] Incomplete mode parameter data
[   21.324137] sd 2:0:0:0: [sda] Attached SCSI disk
[   21.335075] sd 2:0:1:0: [sdb] Assuming drive cache: write through
[   21.476292] sd 2:0:1:0: [sdb] Attached SCSI disk
Begin: Loading essential drivers ... [   25.321655] md: linear personality registered for level -1
[   25.337870] md: multipath personality registered for level -4
[   25.353181] md: raid0 personality registered for level 0
[   25.475609] md: raid1 personality registered for level 1
[   25.594175] raid6: sse2x1   gen()  1706 MB/s
[   25.704878] raid6: sse2x1   xor()  2185 MB/s
[   25.842076] raid6: sse2x2   gen()  3149 MB/s
[   25.938262] raid6: sse2x2   xor()  3741 MB/s
[   26.056306] raid6: sse2x4   gen()  1843 MB/s
[   26.206919] raid6: sse2x4   xor()  1508 MB/s
[   26.251656] raid6: using algorithm sse2x2 gen() 3149 MB/s
[   26.314668] raid6: .... xor() 3741 MB/s, rmw enabled
[   26.350690] raid6: using ssse3x2 recovery algorithm
[   26.362973] xor: measuring software checksum speed
[   27.192611]    prefetch64-sse: 17048.000 MB/sec
[   28.319417]    generic_sse: 12764.000 MB/sec
[   28.422626] xor: using function: prefetch64-sse (17048.000 MB/sec)
[   28.439820] async_tx: api initialized (async)
[   29.059679] md: raid6 personality registered for level 6
[   29.067310] md: raid5 personality registered for level 5
[   29.073168] md: raid4 personality registered for level 4
[   29.302830] md: raid10 personality registered for level 10
done.
Begin: Running /scripts/init-premount ... done.
Begin: Mounting root file system ... Begin: Running /scripts/local-top ... done.
Begin: Running /scripts/local-premount ... [   29.577697] Btrfs loaded
Scanning for Btrfs filesystems
done.
Warning: fsck not present, so skipping root file system
[   30.079400] EXT4-fs (sda1): mounted filesystem with ordered data mode. Opts: (null)
done.
Begin: Running /scripts/local-bottom ... done.
Begin: Running /scripts/init-bottom ... done.
[   30.430869] random: nonblocking pool is initialized
[   31.059445] systemd[1]: systemd 229 running in system mode. (+PAM +AUDIT +SELINUX +IMA +APPARMOR +SMACK +SYSVINIT +UTMP +LIBCRYPTSETUP +GCRYPT +GNUTLS +ACL +XZ -LZ4 +SECCOMP +BLKID +ELFUTILS +KMOD -IDN)
[   31.091413] systemd[1]: Detected virtualization oracle.
[   31.142450] systemd[1]: Detected architecture x86-64.

Welcome to [1mUbuntu 16.04.7 LTS[0m!

[   31.313536] systemd[1]: Set hostname to <ubuntu>.
[   31.368424] systemd[1]: Initializing machine ID from random generator.
[   31.378342] systemd[1]: Installed transient /etc/machine-id file.
[   32.425195] systemd[1]: Listening on udev Kernel Socket.
[[0;32m  OK  [0m] Listening on udev Kernel Socket.
[   32.517225] systemd[1]: Listening on udev Control Socket.
[[0;32m  OK  [0m] Listening on udev Control Socket.
[   32.712407] systemd[1]: Started Forward Password Requests to Wall Directory Watch.
[[0;32m  OK  [0m] Started Forward Password Requests to Wall Directory Watch.
[   32.839689] systemd[1]: Listening on Device-mapper event daemon FIFOs.
[[0;32m  OK  [0m] Listening on Device-mapper event daemon FIFOs.
[   32.866185] systemd[1]: Set up automount Arbitrary Executable File Formats File System Automount Point.
[[0;32m  OK  [0m] Set up automount Arbitrary Executab...ats File System Automount Point.
[   32.942709] systemd[1]: Listening on Syslog Socket.
[[0;32m  OK  [0m] Listening on Syslog Socket.
[   32.981625] systemd[1]: Listening on Journal Audit Socket.
[[0;32m  OK  [0m] Listening on Journal Audit Socket.
[   32.995623] systemd[1]: Started Trigger resolvconf update for networkd DNS.
[[0;32m  OK  [0m] Started Trigger resolvconf update for networkd DNS.
[   33.095753] systemd[1]: Created slice User and Session Slice.
[[0;32m  OK  [0m] Created slice User and Session Slice.
[   33.111404] systemd[1]: Reached target System Time Synchronized.
[[0;32m  OK  [0m] Reached target System Time Synchronized.
[   33.170486] systemd[1]: Reached target Encrypted Volumes.
[[0;32m  OK  [0m] Reached target Encrypted Volumes.
[   33.221864] systemd[1]: Reached target User and Group Name Lookups.
[[0;32m  OK  [0m] Reached target User and Group Name Lookups.
[   33.242431] systemd[1]: Created slice System Slice.
[[0;32m  OK  [0m] Created slice System Slice.
[   33.373078] systemd[1]: Reached target Swap.
[[0;32m  OK  [0m] Reached target Swap.
[   33.446539] systemd[1]: Reached target Slices.
[[0;32m  OK  [0m] Reached target Slices.
[   33.458476] systemd[1]: Listening on LVM2 poll daemon socket.
[[0;32m  OK  [0m] Listening on LVM2 poll daemon socket.
[   33.553276] systemd[1]: Listening on Journal Socket.
[[0;32m  OK  [0m] Listening on Journal Socket.
[   33.582042] systemd[1]: Mounting Huge Pages File System...
         Mounting Huge Pages File System...
[   33.684139] systemd[1]: Starting Set console keymap...
         Starting Set console keymap...
[   33.789250] systemd[1]: Starting Create list of required static device nodes for the current kernel...
         Starting Create list of required st... nodes for the current kernel...
[   33.890767] systemd[1]: Starting Nameserver information manager...
         Starting Nameserver information manager...
[   33.918447] systemd[1]: Mounting Debug File System...
         Mounting Debug File System...
[   33.932159] systemd[1]: Mounting POSIX Message Queue File System...
         Mounting POSIX Message Queue File System...
[   34.037754] systemd[1]: Starting Uncomplicated firewall...
         Starting Uncomplicated firewall...
[   34.136088] systemd[1]: Listening on fsck to fsckd communication Socket.
[[0;32m  OK  [0m] Listening on fsck to fsckd communication Socket.
[   34.234629] systemd[1]: Starting File System Check on Root Device...
         Starting File System Check on Root Device...
[   34.283478] systemd[1]: Starting Load Kernel Modules...
         Starting Load Kernel Modules...
[   34.320463] systemd[1]: Created slice system-serial\x2dgetty.slice.
[[0;32m  OK  [0m] Created slice system-serial\x2dgetty.slice.
[   34.352552] Loading iSCSI transport class v2.0-870.
[   34.359786] systemd[1]: Listening on Journal Socket (/dev/log).
[[0;32m  OK  [0m] Listening on Journal Socket (/dev/log).
[   34.391407] systemd[1]: Listening on LVM2 metadata daemon socket.
[[0;32m  OK  [0m] [   34.414219] iscsi: registered transport (tcp)
Listening on LVM2 metadata daemon socket.
[   34.442888] systemd[1]: Starting Monitoring of LVM2 mirrors, snapshots etc. using dmeventd or progress polling...
         Starting Monitoring of LVM2 mirrors... dmeventd or progress polling...
[   34.496381] systemd[1]: Listening on /dev/initctl Compatibility Named Pipe.
[[0;32m  OK  [0m] Listening on /dev/initctl Compatibility Named Pipe.
[   34.553793] systemd[1]: Starting Journal Service...
         Starting Journal Service...
[   34.703995] systemd[1]: Mounted Huge Pages File System.
[[0;32m  OK  [0m] Mounted Huge Pages File System.
[   34.766990] systemd[1]: Mounted POSIX Message Queue File System.
[[0;32m  OK  [0m] Mounted POSIX Message Queue File System.
[   34.797536] systemd[1]: Mounted Debug File System.
[[0;32m  OK  [0m] Mounted Debug File System.
[   34.824318] systemd[1]: Started Journal Service.
[[0;32m  OK  [0m] Started Journal Service.
[   34.852352] iscsi: registered transport (iser)
[[0;32m  OK  [0m] Started Set console keymap.
[[0;32m  OK  [0m] Started Create list of required sta...ce nodes for the current kernel.
[[0;32m  OK  [0m] Started Uncomplicated firewall.
[[0;32m  OK  [0m] Started File System Check on Root Device.
[[0;32m  OK  [0m] Started Load Kernel Modules.
[[0;32m  OK  [0m] Started Nameserver information manager.
[[0;32m  OK  [0m] Started File System Check Daemon to report status.
[[0;32m  OK  [0m] Started LVM2 metadata daemon.
         Starting Apply Kernel Variables...
         Mounting FUSE Control File System...
         Starting Remount Root and Kernel File Systems...
         Starting Create Static Device Nodes in /dev...
[[0;32m  OK  [0m] Mounted FUSE Control File System.
[[0;32m  OK  [0m] Started Monitoring of LVM2 mirrors,...ng dmeventd or progress polling.
[[0;32m  OK  [0m] Started Apply Kernel Variables.
[[0;32m  OK  [0m] Started Remount Root and Kernel File Systems.
[[0;32m  OK  [0m] Started Create Static Device Nodes in /dev.
         Starting udev Kernel Device Manager...
         Starting Flush Journal to Persistent Storage...
         Starting Load/Save Random Seed...
         Starting udev Coldplug all Devices...
[[0;32m  OK  [0m] Reached target Local File Systems (Pre).
[[0;32m  OK  [0m] Reached target Local File Systems.
         Starting Initial cloud-init job (pre-networking)...
         Starting LSB: AppArmor initialization...
         Starting Tell Plymouth To Write Out Runtime Data...
         Starting Commit a transient machine-id on disk...
         Starting Set console font and keymap...
[[0;32m  OK  [0m] Started Load/Save Random Seed.
[[0;32m  OK  [0m] Started Tell Plymouth To Write Out Runtime Data.
[[0;32m  OK  [0m] Started Flush Journal to Persistent Storage.
         Starting Create Volatile Files and Directories...
[[0;32m  OK  [0m] Started udev Kernel Device Manager.
[[0;32m  OK  [0m] Started Commit a transient machine-id on disk.
[[0;32m  OK  [0m] Started Create Volatile Files and Directories.
         Starting Update UTMP about System Boot/Shutdown...
[[0;32m  OK  [0m] Started Update UTMP about System Boot/Shutdown.
[[0;32m  OK  [0m] Started udev Coldplug all Devices.
[[0;32m  OK  [0m] Started Dispatch Password Requests to Console Directory Watch.
[[0;32m  OK  [0m] Found device /dev/ttyS0.
[[0;32m  OK  [0m] Listening on Load/Save RF Kill Switch Status /dev/rfkill Watch.
[[0;32m  OK  [0m] Started LSB: AppArmor initialization.
         Starting Load AppArmor profiles managed internally by snapd...
[[0;32m  OK  [0m] Started Load AppArmor profiles managed internally by snapd.
[[0;32m  OK  [0m] Started Set console font and keymap.
[[0;32m  OK  [0m] Created slice system-getty.slice.
[   42.217910] cloud-init[476]: Cloud-init v. 21.1-19-gbad84ad4-0ubuntu1~16.04.2 running 'init-local' at Tue, 17 Dec 2024 20:16:11 +0000. Up 41.20 seconds.
[[0;32m  OK  [0m] Started Initial cloud-init job (pre-networking).
[[0;32m  OK  [0m] Reached target Network (Pre).
         Starting Raise network interfaces...
[[0;32m  OK  [0m] Started Raise network interfaces.
[[0;32m  OK  [0m] Reached target Network.
         Starting Initial cloud-init job (metadata service crawler)...
[   48.380967] cloud-init[943]: Cloud-init v. 21.1-19-gbad84ad4-0ubuntu1~16.04.2 running 'init' at Tue, 17 Dec 2024 20:16:16 +0000. Up 45.87 seconds.
[   48.392602] cloud-init[943]: ci-info: ++++++++++++++++++++++++++++++++++++++Net device info++++++++++++++++++++++++++++++++++++++
[   48.401829] cloud-init[943]: ci-info: +--------+------+----------------------------+---------------+--------+-------------------+
[   48.474319] cloud-init[943]: ci-info: | Device |  Up  |          Address           |      Mask     | Scope  |     Hw-Address    |
[   48.589857] cloud-init[943]: ci-info: +--------+------+----------------------------+---------------+--------+-------------------+
[   48.647248] cloud-init[943]: ci-info: | enp0s3 | True |         10.0.2.15          | 255.255.255.0 | global | 02:be:82:6b:cc:1d |
[   48.657781] cloud-init[943]: ci-info: | enp0s3 | True | fe80::be:82ff:fe6b:cc1d/64 |       .       |  link  | 02:be:82:6b:cc:1d |
[   48.668907] cloud-init[943]: ci-info: |   lo   | True |         127.0.0.1          |   255.0.0.0   |  host  |         .         |
[   48.681186] cloud-init[943]: ci-info: |   lo   | True |          ::1/128           |       .       |  host  |         .         |
[   48.769359] cloud-init[943]: ci-info: +--------+------+----------------------------+---------------+--------+-------------------+
[   48.777435] cloud-init[943]: ci-info: +++++++++++++++++++++++++++Route IPv4 info++++++++++++++++++++++++++++
[   48.790858] cloud-init[943]: ci-info: +-------+-------------+----------+---------------+-----------+-------+
[   48.879120] cloud-init[943]: ci-info: | Route | Destination | Gateway  |    Genmask    | Interface | Flags |
[   48.955140] cloud-init[943]: ci-info: +-------+-------------+----------+---------------+-----------+-------+
[   49.030000] cloud-init[943]: ci-info: |   0   |   0.0.0.0   | 10.0.2.2 |    0.0.0.0    |   enp0s3  |   UG  |
[   49.043855] cloud-init[943]: ci-info: |   1   |   10.0.2.0  | 0.0.0.0  | 255.255.255.0 |   enp0s3  |   U   |
[   49.060286] cloud-init[943]: ci-info: +-------+-------------+----------+---------------+-----------+-------+
[   49.155233] cloud-init[943]: ci-info: +++++++++++++++++++Route IPv6 info+++++++++++++++++++
[   49.164582] cloud-init[943]: ci-info: +-------+-------------+---------+-----------+-------+
[   49.171458] cloud-init[943]: ci-info: | Route | Destination | Gateway | Interface | Flags |
[   49.178046] cloud-init[943]: ci-info: +-------+-------------+---------+-----------+-------+
[   49.189846] cloud-init[943]: ci-info: |   0   |  fe80::/64  |    ::   |   enp0s3  |   U   |
[   49.285875] cloud-init[943]: ci-info: |   4   |   ff00::/8  |    ::   |   enp0s3  |   U   |
[   49.342024] cloud-init[943]: ci-info: +-------+-------------+---------+-----------+-------+
[   49.406173] cloud-init[943]: Generating public/private rsa key pair.
[   49.418603] cloud-init[943]: Your identification has been saved in /etc/ssh/ssh_host_rsa_key.
[   49.533401] [[0;32m  OK  [0m] Started Initial cloud-init job (metadata service crawler).
[[0;32m  OK  [0m] Reached target Cloud-config availability.
[[0;32m  OK  [0m] Reached target Network is Online.
cloud-init[943]: Your public key has been saved in /etc/ssh/ssh_host_rsa_key.pub.
         Starting iSCSI initiator daemon (iscsid)...
[   49.747375] [[0;32m  OK  [0m] Reached target System Initialization.
[[0;32m  OK  [0m] Started Ubuntu Advantage update messaging.
[[0;32m  OK  [0m] Started Daily apt download activities.
         Starting LXD - unix socket.
[[0;32m  OK  [0m] Started Daily Cleanup of Temporary Directories.
[[0;32m  OK  [0m] Listening on D-Bus System Message Bus Socket.
[[0;32m  OK  [0m] Listening on UUID daemon activation socket.
[[0;32m  OK  [0m] Started ACPI Events Check.
[[0;32m  OK  [0m] Reached target Paths.
[[0;32m  OK  [0m] Listening on ACPID Listen Socket.
         Starting Socket activation for snappy daemon.
[[0;32m  OK  [0m] Started Message of the Day.
[[0;32m  OK  [0m] Started Daily apt upgrade and clean activities.
[[0;32m  OK  [0m] Reached target Timers.
[[0;32m  OK  [0m] Listening on LXD - unix socket.
[[0;32m  OK  [0m] Listening on Socket activation for snappy daemon.
[[0;32m  OK  [0m] Reached target Sockets.
[[0;32m  OK  [0m] Reached target Basic System.
[[0;32m  OK  [0m] Started Deferred execution scheduler.
[[0;32m  OK  [0m] Started D-Bus System Message Bus.
cloud-init[943]: The key fingerprint is:
[   50.044043] cloud-init[943]: SHA256:FU4Lc5BuB4AOaqXyy9H1L5jATTCLDCaVsiLsoURJG7k root@ubuntu-xenial
[   50.121364] cloud-init[943]: The key's randomart image is:
[   50.134605] cloud-init[943]: +---[RSA 2048]----+
[   50.288111] cloud-init[943]: |.++. ...+o+      |
[   50.309839] cloud-init[943]: |+==.+   o* o     |
[   50.336672] cloud-init         Starting LSB: MD monitoring daemon...
[943]: [[0;32m  OK  [0m] Started Regular background program processing daemon.
         Starting Virtualbox guest utils...
         Starting System Logging Service...
[[0;32m  OK  [0m] Started ACPI event daemon.
         Starting Login Service...
         Starting /etc/rc.local Compatibility...
         Starting Pollinate to seed the pseudo random number generator...
         Starting LSB: Record successful boot for GRUB...
|=B++ + . .+      |
         Starting LXD - container startup/shutdown...
         Starting Snap Daemon...
[[0;32m  OK  [0m[   50.469053] cloud-init[943]: |*Eo o o o..      |
[   50.491580] cloud-init[943]: |O..o + oS.       |
[   50.491913] cloud-init[943]: |..o + . .        |
[   50.493644] cloud-init[943]: | . o . o .       |
[   50.494818] cloud-init[943]: |  o   o . .      |
[   50.495788] cloud-init[943]: |         .       |
[   50.507686] cloud-init[943]: +----[SHA256]-----+
[   50.507738] cloud-init[943]: Generating public/private dsa key pair.
[   50.507774] cloud-init[943]: Your identification has been saved in /etc/ssh/ssh_host_dsa_key.
[   50.507822] cloud-init[943]: Your public key has been saved in /etc/ssh/ssh_host_dsa_key.pub.
[   50.507905] cloud-init[943]: The key fingerprint is:
[   50.507972] cloud-init[943]: SHA256:R72yx6OUUIZ+k6vuZEvH0uvQQ1I/9YvaB7PoU8Iruic root@ubuntu-xenial
[   50.508028] cloud-init[943]: The key's randomart image is:
[   50.508071] cloud-init[943]: +---[DSA 1024]----+
[   50.511937] cloud-init[943]: |                 |
[   50.513384] cloud-init[943]: |         . .     |
[   50.514296] cloud-init[943]: |        . = . .  |
[   50.515201] cloud-init[943]: |       . = o o . |
[   50.517086] cloud-init[943]: |        S O +   .|
[   50.517927] cloud-init[943]: |         X X =. .|
[   50.520136] cloud-init[943]: |        * @ O.+. |
[   50.522084] cloud-init[943]: |       E X Ooo . |
[   50.522736] cloud-init[943]: |       =X.*o...  |
[   50.525354] cloud-init[943]: +----[SHA256]-----+
[   50.527058] cloud-init[943]: Generating public/private ecdsa key pair.
[   50.528157] cloud-init[943]: Your identification has been saved in /etc/ssh/ssh_host_ecdsa_key.
[   50.530105] cloud-init[943]: Your public key has been saved in /etc/ssh/ssh_host_ecdsa_key.pub.
[   50.531101] cloud-init[943]: The key fingerprint is:
[   50.533478] cloud-init[943]: SHA256:yvOxF8jBKSSPVAzYtL4dxHEyI9jBjE3Znw9nxkZvwe8 root@ubuntu-xenial
[   50.534284] cloud-init[943]: The key's randomart image is:
[   50.535153] cloud-init[943]: +---[ECDSA 256]---+
[   50.536094] cloud-init[943]: |   %*B* .  .     |
[   50.538019] cloud-init[943]: |  + X++*  . o    |
[   50.538869] cloud-init[943]: |   ..=oo = . o   |
[   50.539799] cloud-init[943]: |   ...o B * o .  |
[   50.542362] cloud-init[943]: |    . .oSX . .   |
[   50.542415] cloud-init[943]: |     + oo o   E  |
[   50.545318] cloud-init[943]: |    . = .  .     |
[   50.546162] cloud-init[943]: |       o o.      |
[   50.547235] cloud-init[943]: |        o.       |
[   50.547954] cloud-init[943]: +----[SHA256]-----+
[   50.549810] cloud-init[943]: Generating public/private ed25519 key pair.
[   50.550653] cloud-init[943]: Your identification has been saved in /etc/ssh/ssh_host_ed25519_key.
[   50.551519] cloud-init[943]: Your public key has been saved in /etc/ssh/ssh_host_ed25519_key.pub.
[   50.553976] cloud-init[943]: The key fingerprint is:
[   50.554848] cloud-init[943]: SHA256:dZKHLgTGlZycvSgUCJfHrUPKjlmLiA2BBXGdPyuQxE0 root@ubuntu-xenial
[   50.555869] cloud-init[943]: The key's randomart image is:
[   50.557694] cloud-init[943]: +--[ED25519 256]--+
[   50.558644] cloud-init[943]: |+=+=E*+*.=       |
[   50.559596] cloud-init[943]: |o.o.*.*.B .o     |
[   50.561424] cloud-init[943]: | o o * ...=.o    |
[   50.564148] cloud-init[943]: |. o + *..o.+     |
[   50.566030] cloud-init[943]: |.+ B . =S .      |
[   50.566959] cloud-init[943]: |o = + .  .       |
[   50.567865] cloud-init[943]: |     .           |
[   50.569771] cloud-init[943]: |                 |
[   50.571534] cloud-init[943]: |                 |
[   50.573477] cloud-init[943]: +----[SHA256]-----+
] Started FUSE filesystem for LXC.
         Starting Accounts Service...
[[0;32m  OK  [0m] Started /etc/rc.local Compatibility.
[[0;32m  OK  [0m] Started iSCSI initiator daemon (iscsid).
         Starting Login to default iSCSI targets...
[[0;32m  OK  [0m] Started Login Service.
[[0;32m  OK  [0m] Started Unattended Upgrades Shutdown.
[[0;32m  OK  [0m] Started LSB: MD monitoring daemon.
[[0;32m  OK  [0m] Started LSB: Record successful boot for GRUB.
[[0;32m  OK  [0m] Started Login to default iSCSI targets.
[[0;32m  OK  [0m] Reached target Remote File Systems (Pre).
[[0;32m  OK  [0m] Reached target Remote File Systems.
         Starting Permit User Sessions...
         Starting LSB: Set the CPU Frequency Scaling governor to "ondemand"...
         Starting LSB: automatic crash report generation...
         Starting LSB: daemon to balance interrupts for SMP systems...
[[0;32m  OK  [0m] Started System Logging Service.
[[0;32m  OK  [0m] Started Permit User Sessions.
         Starting Hold until boot process finishes up...
         Starting Terminate Plymouth Boot Screen...
[[0;32m  OK  [0m] Started Hold until boot process finishes up.
[[0;32m  OK  [0m] Started Terminate Plymouth Boot Screen.
[[0;32m  OK  [0m] Started Serial Getty on ttyS0.
[[0;32m  OK  [0m] Started Getty on tty1.
[[0;32m  OK  [0m] Reached target Login Prompts.
         Starting Set console scheme...
         Starting Authenticate and Authorize Users to Run Privileged Tasks...
[[0;32m  OK  [0m] Started LSB: Set the CPU Frequency Scaling governor to "ondemand".
[[0;32m  OK  [0m] Started Set console scheme.
[[0;32m  OK  [0m] Started LSB: daemon to balance interrupts for SMP systems.
[[0;32m  OK  [0m] Started Virtualbox guest utils.
[[0;32m  OK  [0m] Started Authenticate and Authorize Users to Run Privileged Tasks.
[[0;32m  OK  [0m] Started Accounts Service.
[[0;32m  OK  [0m] Started LSB: automatic crash report generation.
[[0;32m  OK  [0m] Started LXD - container startup/shutdown.
[[0;32m  OK  [0m] Started Snap Daemon.
         Starting Wait until snapd is fully seeded...
[[0;32m  OK  [0m] Started Pollinate to seed the pseudo random number generator.
         Starting OpenBSD Secure Shell server...
[[0;32m  OK  [0m] Started OpenBSD Secure Shell server.
[[0;32m  OK  [0m] Created slice User Slice of vagrant.
         Starting User Manager for UID 1000...
[[0;32m  OK  [0m] Started Session 1 of user vagrant.
[[0;32m  OK  [0m] Started User Manager for UID 1000.

Ubuntu 16.04.7 LTS ubuntu-xenial ttyS0

ubuntu-xenial login: [   60.677481] cloud-init[1420]: Generating locales (this might take a while)...
[   65.785387] cloud-init[1420]:   en_US.UTF-8... done
[   65.834884] cloud-init[1420]: Generation complete.
[   68.730748] cloud-init[1420]: Cloud-init v. 21.1-19-gbad84ad4-0ubuntu1~16.04.2 running 'modules:config' at Tue, 17 Dec 2024 20:16:30 +0000. Up 60.04 seconds.
ci-info: no authorized SSH keys fingerprints found for user ubuntu.
<14>Dec 17 20:16:41 ec2: 
<14>Dec 17 20:16:41 ec2: #############################################################
<14>Dec 17 20:16:41 ec2: -----BEGIN SSH HOST KEY FINGERPRINTS-----
<14>Dec 17 20:16:41 ec2: 1024 SHA256:R72yx6OUUIZ+k6vuZEvH0uvQQ1I/9YvaB7PoU8Iruic root@ubuntu-xenial (DSA)
<14>Dec 17 20:16:41 ec2: 256 SHA256:yvOxF8jBKSSPVAzYtL4dxHEyI9jBjE3Znw9nxkZvwe8 root@ubuntu-xenial (ECDSA)
<14>Dec 17 20:16:41 ec2: 256 SHA256:dZKHLgTGlZycvSgUCJfHrUPKjlmLiA2BBXGdPyuQxE0 root@ubuntu-xenial (ED25519)
<14>Dec 17 20:16:41 ec2: 2048 SHA256:FU4Lc5BuB4AOaqXyy9H1L5jATTCLDCaVsiLsoURJG7k root@ubuntu-xenial (RSA)
<14>Dec 17 20:16:41 ec2: -----END SSH HOST KEY FINGERPRINTS-----
<14>Dec 17 20:16:41 ec2: #############################################################
-----BEGIN SSH HOST KEY KEYS-----
ecdsa-sha2-nistp256 AAAAE2VjZHNhLXNoYTItbmlzdHAyNTYAAAAIbmlzdHAyNTYAAABBBE33d2vcAH47M5/YLGRi30s7SFuWFOGjHQ+YOA9y/O1OEjUtar0LyyVF8bWKNMPLVdtnHPOxc/Z6Fil+gCp2tns= root@ubuntu-xenial
ssh-ed25519 AAAAC3NzaC1lZDI1NTE5AAAAIMXpumSR9OOy7TYJ9XEGU5ZrpY4WrSv243pZBECgD/jN root@ubuntu-xenial
ssh-rsa AAAAB3NzaC1yc2EAAAADAQABAAABAQCsO35Qr1mQmIOob1H0CQazGEmf0o7gIF+IFIdELPJQdkFuQ7KDtLnU9f9P4tLIph7aBtyqaa63wz74s8S+3qdxQc2J2M2VMVK9EpzB+ZEjZU4wKZPeAs6b5LNjpgFjsv4cxFdasA+ww3OXGoeVy50VjZq3CJNYHGSaZqQYoA/AJXWpeOFd7TEKNAyI6srUi9gq2V8StF9W8VXs50dNRLvf9zrJy1npydHObWMnxwihVLs6agkvmHqKA/WbtXeNoMT7N4/wVbFfTpiJZu5LvHSVJMxmhEacVXBbCrN0+s08IlF9mMNFhnWe7NeuQLI+rAEBlDj99P6/JNeNKGgyouz1 root@ubuntu-xenial
-----END SSH HOST KEY KEYS-----
[   71.037974] cloud-init[1663]: Cloud-init v. 21.1-19-gbad84ad4-0ubuntu1~16.04.2 running 'modules:final' at Tue, 17 Dec 2024 20:16:40 +0000. Up 70.34 seconds.
[   71.073047] cloud-init[1663]: ci-info: no authorized SSH keys fingerprints found for user ubuntu.
[   71.087243] cloud-init[1663]: Cloud-init v. 21.1-19-gbad84ad4-0ubuntu1~16.04.2 finished at Tue, 17 Dec 2024 20:16:41 +0000. Datasource DataSourceNoCloud [seed=/dev/sdb][dsmode=net].  Up 70.99 seconds
